// Jest Snapshot v1, https://goo.gl/fbAQLP

exports[`Paragraph renders a paragraph 1`] = `
.c0 {
  font-family: serif;
  line-height: 26px;
  font-size: 20px;
  margin: 20px 0;
}

.c0::first-letter {
  font-size: 20px;
}

<p
  className="c0"
>
  Testing a paragraph wrapper
</p>
`;
