// Jest Snapshot v1, https://goo.gl/fbAQLP

exports[`Quote should render a quote 1`] = `
.c0 {
  font-size: 30px;
  line-height: 40px;
  width: 100%;
  padding: 10px;
  text-align: left;
  -webkit-text-decoration: underline;
  text-decoration: underline;
}

@media (min-width:768px) {
  .c0 {
    font-size: 40px;
    line-height: 50px;
  }
}

<p
  className="c0"
>
  Testing a quote
</p>
`;
