// Jest Snapshot v1, https://goo.gl/fbAQLP

exports[`Container should render a container 1`] = `
.c0 {
  width: 100%;
  max-width: 1080px;
  margin: 0 auto;
}

<div
  className="c0"
>
  Testing a Container wrapper
</div>
`;
