// Jest Snapshot v1, https://goo.gl/fbAQLP

exports[`renders a paragraph 1`] = `
.c0 {
  box-sizing: border-box;
  margin-left: auto;
  margin-right: auto;
  width: 100%;
  max-width: 1080px;
}

<div
  className="c0"
>
  Testing a paragraph wrapper
</div>
`;
